<?xml version="1.0" encoding="utf-8"?><testsuites name="pytest tests"><testsuite name="pytest" errors="0" failures="0" skipped="0" tests="239" time="33.587" timestamp="2026-05-11T14:54:18.681234+00:00" hostname="runnervmeorf1"><testcase classname="tests.architecture.test_route_layering" name="test_route_layer_has_no_direct_db_or_repo_calls" time="0.031" /><testcase classname="tests.architecture.test_route_layering" name="test_route_layer_guard_flags_async_session_calls_for_any_param_name" time="0.001" /><testcase classname="tests.architecture.test_route_layering" name="test_route_layer_guard_ignores_non_session_execute_calls" time="0.001" /><testcase classname="tests.architecture.test_route_layering" name="test_route_layer_guard_flags_repo_instantiation[\nfrom agendable.db.repos.user_repo import UserRepository\n\ndef route() -&gt; None:\n    UserRepository()\n]" time="0.001" /><testcase classname="tests.architecture.test_route_layering" name="test_route_layer_guard_flags_repo_instantiation[\nfrom agendable.db.repos.user_repo import UserRepository as Repo\n\ndef route() -&gt; None:\n    Repo()\n]" time="0.001" /><testcase classname="tests.architecture.test_service_layering" name="test_service_layer_has_no_web_imports" time="0.026" /><testcase classname="tests.auth.test_account_linking_oidc_flow" name="test_profile_link_flow_links_identity_after_oidc_callback" time="0.400" /><testcase classname="tests.auth.test_account_linking_oidc_flow" name="test_profile_link_callback_rejects_email_mismatch" time="0.251" /><testcase classname="tests.auth.test_account_linking_oidc_flow" name="test_profile_link_callback_rejects_identity_linked_to_other_user" time="0.288" /><testcase classname="tests.auth.test_account_linking_oidc_flow" name="test_profile_link_callback_handles_deleted_linking_user" time="0.242" /><testcase classname="tests.auth.test_account_linking_oidc_flow" name="test_profile_link_start_rate_limit_blocks_repeated_attempts" time="0.236" /><testcase classname="tests.auth.test_account_linking_oidc_flow" name="test_profile_link_flow_captures_google_calendar_connection_when_scope_granted" time="0.241" /><testcase classname="tests.auth.test_account_linking_profile" name="test_profile_shows_linked_identity" time="0.181" /><testcase classname="tests.auth.test_account_linking_profile" name="test_profile_unlink_removes_identity_for_password_user" time="0.179" /><testcase classname="tests.auth.test_account_linking_profile" name="test_profile_unlink_blocks_only_signin_method" time="0.186" /><testcase classname="tests.auth.test_account_linking_profile" name="test_profile_unlink_rejects_other_users_identity" time="0.216" /><testcase classname="tests.auth.test_account_linking_profile" name="test_admin_users_page_shows_linked_identity_summary" time="0.369" /><testcase classname="tests.auth.test_account_linking_profile" name="test_profile_link_start_requires_current_password" time="0.225" /><testcase classname="tests.auth.test_account_linking_profile" name="test_profile_link_start_returns_404_when_oidc_disabled" time="0.170" /><testcase classname="tests.auth.test_admin_access_basics" name="test_admin_users_requires_admin_role" time="0.186" /><testcase classname="tests.auth.test_admin_access_basics" name="test_bootstrap_admin_email_auto_promotes_user" time="0.168" /><testcase classname="tests.auth.test_admin_access_basics" name="test_inactive_admin_cannot_access_admin_users" time="0.173" /><testcase classname="tests.auth.test_admin_user_management" name="test_admin_can_update_role_and_active_status" time="0.269" /><testcase classname="tests.auth.test_admin_user_management" name="test_deactivated_user_cannot_sign_in" time="0.251" /><testcase classname="tests.auth.test_admin_user_management" name="test_admin_mutations_require_admin_role" time="0.222" /><testcase classname="tests.auth.test_admin_user_management" name="test_admin_cannot_remove_own_admin_role" time="0.175" /><testcase classname="tests.auth.test_admin_user_management" name="test_admin_role_update_invalid_input_and_missing_user" time="0.269" /><testcase classname="tests.auth.test_admin_user_management" name="test_deactivated_user_active_session_is_rejected" time="0.172" /><testcase classname="tests.auth.test_admin_user_management" name="test_admin_active_update_missing_user_returns_404" time="0.182" /><testcase classname="tests.auth.test_admin_user_management" name="test_admin_active_update_accepts_truthy_forms" time="0.230" /><testcase classname="tests.auth.test_google_calendar_sync_trigger" name="test_google_calendar_sync_route_disabled_returns_404" time="0.199" /><testcase classname="tests.auth.test_google_calendar_sync_trigger" name="test_google_calendar_sync_route_requires_connection" time="0.357" /><testcase classname="tests.auth.test_google_calendar_sync_trigger" name="test_google_calendar_sync_route_syncs_primary_connection" time="0.207" /><testcase classname="tests.auth.test_google_calendar_sync_trigger" name="test_keep_imported_series_marks_kept_and_maps_occurrence" time="0.204" /><testcase classname="tests.auth.test_google_calendar_sync_trigger" name="test_keep_imported_series_requires_connection_renders_profile_error" time="0.192" /><testcase classname="tests.auth.test_google_calendar_sync_trigger" name="test_reject_imported_series_marks_rejected_and_clears_occurrences" time="0.200" /><testcase classname="tests.auth.test_google_calendar_sync_trigger" name="test_reject_imported_series_kept_state_returns_404" time="0.175" /><testcase classname="tests.auth.test_google_calendar_sync_trigger" name="test_import_review_routes_disabled_return_404[keep]" time="0.174" /><testcase classname="tests.auth.test_google_calendar_sync_trigger" name="test_import_review_routes_disabled_return_404[reject]" time="0.186" /><testcase classname="tests.auth.test_logout" name="test_logout_clears_session" time="0.202" /><testcase classname="tests.auth.test_oidc_autoprovision" name="test_oidc_callback_autoprovisions_user_and_links_identity" time="0.151" /><testcase classname="tests.auth.test_oidc_autoprovision" name="test_oidc_callback_rejects_link_to_existing_password_account" time="0.191" /><testcase classname="tests.auth.test_oidc_autoprovision" name="test_oidc_callback_links_existing_passwordless_account" time="0.122" /><testcase classname="tests.auth.test_oidc_autoprovision" name="test_oidc_autoprovision_name_fallback_uses_email_localpart" time="0.119" /><testcase classname="tests.auth.test_oidc_autoprovision" name="test_oidc_callback_autoprovision_uses_timezone_cookie_when_valid" time="0.119" /><testcase classname="tests.auth.test_oidc_autoprovision" name="test_oidc_callback_autoprovision_decodes_percent_encoded_timezone_cookie" time="0.318" /><testcase classname="tests.auth.test_oidc_autoprovision" name="test_oidc_callback_autoprovision_ignores_timezone_cookie_when_invalid" time="0.121" /><testcase classname="tests.auth.test_oidc_autoprovision" name="test_oidc_callback_rate_limit_blocks_repeated_attempts" time="0.144" /><testcase classname="tests.auth.test_oidc_autoprovision" name="test_oidc_callback_denies_disallowed_email_domain" time="0.116" /><testcase classname="tests.auth.test_oidc_autoprovision" name="test_oidc_callback_returns_404_when_provider_disabled" time="0.107" /><testcase classname="tests.auth.test_oidc_autoprovision" name="test_oidc_callback_creates_google_calendar_connection_when_scope_granted" time="0.130" /><testcase classname="tests.auth.test_oidc_autoprovision" name="test_oidc_callback_updates_google_calendar_connection_and_preserves_refresh_token" time="0.233" /><testcase classname="tests.auth.test_oidc_start" name="test_oidc_start_defaults_to_select_account_prompt" time="0.114" /><testcase classname="tests.auth.test_oidc_start" name="test_oidc_start_omits_prompt_when_configured_empty" time="0.108" /><testcase classname="tests.auth.test_oidc_start" name="test_oidc_start_uses_configured_custom_prompt" time="0.111" /><testcase classname="tests.auth.test_oidc_start" name="test_keycloak_oidc_start_uses_prompt" time="0.114" /><testcase classname="tests.auth.test_password_login" name="test_existing_user_wrong_password_stays_401" time="0.222" /><testcase classname="tests.auth.test_password_login" name="test_login_rate_limit_blocks_after_configured_ip_attempts" time="0.293" /><testcase classname="tests.auth.test_password_login" name="test_login_rate_limit_blocks_by_account_across_ips" time="0.236" /><testcase classname="tests.auth.test_password_login" name="test_password_login_emits_audit_events" time="0.274" /><testcase classname="tests.auth.test_redirects" name="test_signup_success_redirects_to_dashboard" time="0.161" /><testcase classname="tests.auth.test_redirects" name="test_authenticated_user_gets_redirected_to_dashboard_from_login_and_signup" time="0.373" /><testcase classname="tests.cli.test_check_db" name="test_check_db_executes_select_1" time="0.001" /><testcase classname="tests.cli.test_check_db" name="test_main_check_db_exits_nonzero_on_failure" time="0.012" /><testcase classname="tests.cli.test_google_calendar_sync" name="test_run_google_calendar_sync_is_noop_when_feature_disabled" time="0.004" /><testcase classname="tests.cli.test_google_calendar_sync" name="test_run_google_calendar_sync_executes_when_enabled" time="0.001" /><testcase classname="tests.cli.test_seed_dev_data" name="test_seed_dev_data_creates_expected_records" time="0.698" /><testcase classname="tests.cli.test_seed_dev_data" name="test_seed_dev_data_reset_rebuilds_seed_state" time="0.938" /><testcase classname="tests.cli.test_workers" name="test_google_calendar_sync_worker_logs_iteration_complete" time="0.001" /><testcase classname="tests.cli.test_workers" name="test_google_calendar_sync_worker_survives_exception" time="0.003" /><testcase classname="tests.cli.test_workers" name="test_reminders_worker_logs_iteration_complete" time="0.001" /><testcase classname="tests.google_calendar.test_client" name="test_list_events_paginates_and_parses_items" time="0.004" /><testcase classname="tests.google_calendar.test_client" name="test_list_events_uses_sync_token_when_provided" time="0.001" /><testcase classname="tests.google_calendar.test_client" name="test_get_recurring_event_details_parses_rrule_and_timezone" time="0.006" /><testcase classname="tests.google_calendar.test_client" name="test_get_recurring_event_details_returns_none_for_cancelled_master" time="0.001" /><testcase classname="tests.google_calendar.test_client" name="test_get_recurring_event_details_returns_none_for_all_day_master" time="0.001" /><testcase classname="tests.google_calendar.test_client" name="test_upsert_recurring_event_backlink_patches_when_needed_and_replaces_link_line" time="0.006" /><testcase classname="tests.google_calendar.test_client" name="test_upsert_recurring_event_backlink_noops_when_already_up_to_date" time="0.001" /><testcase classname="tests.google_calendar.test_client" name="test_upsert_event_backlink_is_idempotent_when_already_up_to_date" time="0.004" /><testcase classname="tests.google_calendar.test_client" name="test_upsert_event_backlink_patches_when_needed_and_appends_link" time="0.001" /><testcase classname="tests.google_calendar.test_client" name="test_extract_first_rrule_accepts_freq_only_form" time="0.000" /><testcase classname="tests.google_calendar.test_client" name="test_parse_private_extended_properties_filters_non_strings" time="0.000" /><testcase classname="tests.google_calendar.test_client" name="test_append_agendable_link_replaces_existing_link_line" time="0.000" /><testcase classname="tests.google_calendar.test_sync_service" name="test_google_calendar_sync_service_upserts_mirror_and_sync_token" time="0.070" /><testcase classname="tests.google_calendar.test_sync_service" name="test_google_calendar_sync_service_maps_recurring_instances_with_rrule" time="0.077" /><testcase classname="tests.google_calendar.test_sync_service" name="test_google_calendar_sync_service_ignores_stale_bootstrap_sync_token_when_no_mirrors" time="0.056" /><testcase classname="tests.google_calendar.test_sync_service_backlinks" name="test_sync_service_writes_back_occurrence_links_when_enabled" time="0.073" /><testcase classname="tests.google_calendar.test_sync_service_backlinks" name="test_sync_service_writes_back_series_links_when_enabled" time="0.077" /><testcase classname="tests.google_calendar.test_sync_service_backlinks" name="test_sync_service_does_not_write_back_without_write_scope" time="0.080" /><testcase classname="tests.google_calendar.test_sync_service_backlinks" name="test_sync_service_does_not_write_back_when_backlink_feature_disabled" time="0.072" /><testcase classname="tests.google_calendar.test_sync_service_backlinks" name="test_sync_service_skips_occurrence_write_back_for_cancelled_instances" time="0.064" /><testcase classname="tests.google_calendar.test_sync_service_locking" name="test_sync_connection_skips_when_lock_not_acquired" time="0.057" /><testcase classname="tests.google_calendar.test_sync_service_resilience" name="test_google_calendar_sync_service_does_not_refresh_when_expiry_is_far_future" time="0.055" /><testcase classname="tests.google_calendar.test_sync_service_resilience" name="test_google_calendar_sync_service_does_not_crash_when_refresh_payload_is_not_dict" time="0.064" /><testcase classname="tests.google_calendar.test_sync_service_resilience" name="test_google_calendar_sync_service_does_not_crash_when_refresh_payload_missing_access_token" time="0.064" /><testcase classname="tests.google_calendar.test_sync_service_resilience" name="test_google_calendar_sync_service_does_not_crash_when_refresh_payload_cannot_be_parsed" time="0.061" /><testcase classname="tests.google_calendar.test_sync_service_resilience" name="test_google_calendar_sync_service_retries_after_401_when_refresh_succeeds" time="0.065" /><testcase classname="tests.google_calendar.test_sync_service_resilience" name="test_google_calendar_sync_service_persists_token_refresh_even_when_sync_fails_afterward" time="0.059" /><testcase classname="tests.google_calendar.test_sync_service_resilience" name="test_google_calendar_sync_service_sync_all_records_errors_and_continues" time="0.070" /><testcase classname="tests.google_calendar.test_sync_service_resilience" name="test_google_calendar_sync_service_refreshes_expired_access_token" time="0.068" /><testcase classname="tests.google_calendar.test_sync_service_resilience" name="test_google_calendar_sync_service_recovers_from_expired_sync_token_410" time="0.062" /><testcase classname="tests.google_calendar.test_sync_service_resilience" name="test_google_calendar_sync_service_does_not_crash_when_refresh_fails" time="0.059" /><testcase classname="tests.repos.test_external_calendar_connection_repo" name="test_calendar_connection_repo_get_for_user_provider_calendar" time="0.056" /><testcase classname="tests.repos.test_external_calendar_connection_repo" name="test_calendar_connection_repo_list_enabled_for_provider" time="0.053" /><testcase classname="tests.repos.test_external_calendar_event_mirror_repo" name="test_get_or_create_for_connection_event_handles_unique_violation_race" time="0.056" /><testcase classname="tests.repos.test_meeting_occurrence_attendee_repo" name="test_attendee_repo_get_and_list_occurrence_ids" time="0.061" /><testcase classname="tests.repos.test_meeting_occurrence_attendee_repo" name="test_attendee_repo_add_missing_links" time="0.064" /><testcase classname="tests.repos.test_meeting_series_repo" name="test_meeting_series_repo_owner_scoping" time="0.062" /><testcase classname="tests.repos.test_user_repo_crud" name="test_user_repo_add_get_commit" time="0.053" /><testcase classname="tests.repos.test_user_repo_crud" name="test_user_repo_first_one_where" time="0.053" /><testcase classname="tests.repos.test_user_repo_crud" name="test_user_repo_list_offset_limit" time="0.054" /><testcase classname="tests.repos.test_user_repo_crud" name="test_user_repo_patch_and_delete" time="0.063" /><testcase classname="tests.test_auth_rate_limit_helpers" name="test_consume_rate_limit_handles_invalid_rule_values" time="0.001" /><testcase classname="tests.test_auth_rate_limit_helpers" name="test_consume_rate_limit_blocks_when_threshold_reached" time="0.000" /><testcase classname="tests.test_auth_rate_limit_helpers" name="test_client_ip_prefers_forwarded_then_client_then_unknown" time="0.005" /><testcase classname="tests.test_auth_rate_limit_helpers" name="test_client_ip_uses_proxy_headers_when_trust_enabled" time="0.004" /><testcase classname="tests.test_auth_rate_limit_helpers" name="test_oidc_callback_rate_limit_respects_disabled_setting" time="0.002" /><testcase classname="tests.test_auth_rate_limit_helpers" name="test_identity_link_start_rate_limit_respects_disabled_setting" time="0.002" /><testcase classname="tests.test_auth_rate_limit_helpers" name="test_oidc_service_helper_functions_cover_known_and_unknown_cases" time="0.000" /><testcase classname="tests.test_auth_rate_limit_helpers" name="test_successful_login_does_not_consume_login_rate_budget" time="0.280" /><testcase classname="tests.test_calendar_event_mapping_service" name="test_calendar_event_mapping_service_rolls_tasks_forward_on_cancelled_instance" time="0.080" /><testcase classname="tests.test_calendar_event_mapping_service" name="test_calendar_event_mapping_service_creates_next_occurrence_on_cancelled_instance_when_missing" time="0.072" /><testcase classname="tests.test_calendar_event_mapping_service" name="test_calendar_event_mapping_service_creates_pending_imported_series_without_occurrences" time="0.057" /><testcase classname="tests.test_calendar_event_mapping_service" name="test_calendar_event_mapping_service_maps_after_imported_series_is_kept" time="0.060" /><testcase classname="tests.test_logging_config" name="test_format_log_fields_escapes_control_characters" time="0.000" /><testcase classname="tests.test_logging_config" name="test_log_security_audit_event_sanitizes_user_controlled_values" time="0.001" /><testcase classname="tests.test_logging_config" name="test_configure_logging_keeps_security_audit_logger_at_info" time="0.003" /><testcase classname="tests.test_logging_config" name="test_configure_logging_quiets_httpx_logs_when_not_debug" time="0.002" /><testcase classname="tests.test_logging_config" name="test_configure_logging_keeps_httpx_logs_visible_in_debug" time="0.002" /><testcase classname="tests.test_oidc_service" name="test_provision_user_for_oidc_normalizes_blank_timezone_to_utc" time="0.079" /><testcase classname="tests.test_oidc_service" name="test_resolve_oidc_link_resolution_redirects_when_link_user_inactive" time="0.069" /><testcase classname="tests.test_oidc_service" name="test_resolve_oidc_login_resolution_redirects_when_identity_user_missing" time="0.087" /><testcase classname="tests.test_oidc_service" name="test_resolve_oidc_login_resolution_returns_inactive_error_for_identity_user" time="0.073" /><testcase classname="tests.test_oidc_service" name="test_resolve_oidc_login_resolution_provisions_user_when_missing" time="0.072" /><testcase classname="tests.test_oidc_service" name="test_resolve_oidc_login_resolution_returns_inactive_error_for_email_match" time="0.088" /><testcase classname="tests.test_recurrence" name="test_describe_recurrence_daily_defaults_and_interval_coercion" time="0.004" /><testcase classname="tests.test_recurrence" name="test_describe_recurrence_weekly_with_deduped_byday_and_time_suffix" time="0.002" /><testcase classname="tests.test_recurrence" name="test_describe_recurrence_weekly_defaults_to_dtstart_weekday" time="0.000" /><testcase classname="tests.test_recurrence" name="test_describe_recurrence_monthly_day_mode_and_nth_weekday_mode" time="0.004" /><testcase classname="tests.test_recurrence" name="test_describe_recurrence_monthly_returns_generic_when_setpos_invalid" time="0.000" /><testcase classname="tests.test_recurrence" name="test_describe_recurrence_returns_custom_for_unknown_frequency" time="0.000" /><testcase classname="tests.test_recurrence" name="test_build_rrule_weekly_dedupes_days_and_validates_weekday" time="0.000" /><testcase classname="tests.test_recurrence" name="test_build_rrule_monthly_monthday_defaults_and_validates_bounds" time="0.001" /><testcase classname="tests.test_recurrence" name="test_build_rrule_monthly_nth_weekday_defaults_and_validates_inputs" time="0.003" /><testcase classname="tests.test_recurrence" name="test_build_rrule_validates_frequency_interval_and_monthly_mode" time="0.001" /><testcase classname="tests.test_recurrence" name="test_generate_datetimes_handles_zero_count_and_naive_dtstart" time="0.000" /><testcase classname="tests.test_reminders" name="test_run_due_reminders_sends_due_email_and_marks_sent" time="0.121" /><testcase classname="tests.test_reminders" name="test_run_due_reminders_skips_non_email_channels" time="0.100" /><testcase classname="tests.test_reminders" name="test_run_due_reminders_transient_failure_schedules_retry" time="0.096" /><testcase classname="tests.test_reminders" name="test_run_due_reminders_terminal_failure_marks_failed" time="0.107" /><testcase classname="tests.test_reminders" name="test_run_due_reminders_stops_retrying_at_max_attempts" time="0.098" /><testcase classname="tests.test_reminders" name="test_run_due_reminders_skips_send_when_claim_not_acquired" time="0.094" /><testcase classname="tests.test_reminders" name="test_try_claim_attempt_applies_lease_and_blocks_immediate_reclaim" time="0.187" /><testcase classname="tests.test_session_security" name="test_session_cookie_hardening_settings_are_applied" time="0.060" /><testcase classname="tests.test_session_security" name="test_session_cookie_defaults_are_set_for_local_dev" time="0.059" /><testcase classname="tests.test_web_smoke" name="test_index_anonymous_redirects_to_login" time="0.256" /><testcase classname="tests.test_web_smoke" name="test_login_page_hides_oidc_when_disabled" time="0.110" /><testcase classname="tests.test_web_smoke" name="test_profile_page_hides_oidc_link_when_disabled" time="0.178" /><testcase classname="tests.test_web_smoke" name="test_signup_creates_user_and_sets_session" time="0.165" /><testcase classname="tests.test_web_smoke" name="test_password_login_rejects_unknown_user" time="0.117" /><testcase classname="tests.test_web_smoke" name="test_password_login_rejects_wrong_password" time="0.218" /><testcase classname="tests.test_web_smoke" name="test_signup_rejects_invalid_timezone" time="0.109" /><testcase classname="tests.test_web_smoke" name="test_signup_form_defaults_timezone_from_cookie" time="0.323" /><testcase classname="tests.test_web_smoke" name="test_signup_form_ignores_invalid_timezone_cookie" time="0.106" /><testcase classname="tests.test_web_smoke" name="test_signup_form_accepts_percent_encoded_timezone_cookie" time="0.105" /><testcase classname="tests.test_web_smoke" name="test_request_id_header_is_propagated_or_generated" time="0.110" /><testcase classname="tests.web.occurrences.test_access_helpers" name="test_validate_task_assignee_rejects_unknown_assignee" time="0.004" /><testcase classname="tests.web.occurrences.test_access_helpers" name="test_validate_task_assignee_allows_series_owner_without_attendee_check" time="0.001" /><testcase classname="tests.web.occurrences.test_access_helpers" name="test_validate_task_assignee_rejects_non_attendee_assignee" time="0.001" /><testcase classname="tests.web.occurrences.test_access_helpers" name="test_validate_task_assignee_allows_attendee_assignee" time="0.001" /><testcase classname="tests.web.occurrences.test_occurrence_attendee_collab" name="test_invited_attendee_can_view_occurrence_pages" time="0.431" /><testcase classname="tests.web.occurrences.test_occurrence_attendee_collab" name="test_invited_attendee_can_create_task_and_agenda_item" time="0.352" /><testcase classname="tests.web.occurrences.test_occurrence_attendee_collab" name="test_invited_attendee_can_toggle_and_convert_items" time="0.377" /><testcase classname="tests.web.occurrences.test_occurrence_conversion_and_shared_panel" name="test_convert_agenda_item_to_task_assigns_attendee_and_marks_done" time="0.217" /><testcase classname="tests.web.occurrences.test_occurrence_conversion_and_shared_panel" name="test_convert_agenda_item_to_task_rejects_non_attendee_assignee" time="0.197" /><testcase classname="tests.web.occurrences.test_occurrence_conversion_and_shared_panel" name="test_occurrence_shared_panel_renders_live_sections" time="0.196" /><testcase classname="tests.web.occurrences.test_occurrence_conversion_and_shared_panel" name="test_occurrence_shared_panel_is_scoped_to_owner" time="0.249" /><testcase classname="tests.web.occurrences.test_occurrence_core" name="test_task_create_and_toggle_is_scoped" time="0.290" /><testcase classname="tests.web.occurrences.test_occurrence_core" name="test_agenda_add_and_toggle_is_scoped" time="0.547" /><testcase classname="tests.web.occurrences.test_occurrence_core" name="test_complete_occurrence_rolls_unfinished_items_to_next_occurrence" time="0.205" /><testcase classname="tests.web.occurrences.test_occurrence_core" name="test_task_assignment_requires_attendee" time="0.228" /><testcase classname="tests.web.occurrences.test_occurrence_core" name="test_completed_occurrence_is_read_only" time="0.262" /><testcase classname="tests.web.occurrences.test_occurrence_forms" name="test_task_form_shows_inline_validation_errors" time="0.205" /><testcase classname="tests.web.occurrences.test_occurrence_forms" name="test_agenda_form_shows_inline_validation_errors" time="0.197" /><testcase classname="tests.web.occurrences.test_occurrence_forms" name="test_attendee_form_shows_inline_validation_for_unknown_email" time="0.197" /><testcase classname="tests.web.occurrences.test_occurrence_forms" name="test_attendee_form_shows_inline_validation_for_blank_email" time="0.199" /><testcase classname="tests.web.series.test_series_attendees" name="test_add_series_attendee_404_when_series_not_owned" time="0.181" /><testcase classname="tests.web.series.test_series_attendees" name="test_add_series_attendee_adds_to_all_occurrences_and_is_idempotent" time="0.201" /><testcase classname="tests.web.series.test_series_attendees" name="test_add_series_attendee_shows_inline_validation_error" time="0.201" /><testcase classname="tests.web.series.test_series_creation" name="test_create_series_adds_entered_attendees_to_generated_occurrences" time="0.254" /><testcase classname="tests.web.series.test_series_creation" name="test_create_series_and_list_is_scoped_to_user" time="0.251" /><testcase classname="tests.web.series.test_series_creation" name="test_create_series_auto_adds_owner_as_attendee_to_generated_occurrences" time="0.186" /><testcase classname="tests.web.series.test_series_creation" name="test_create_series_generates_occurrences" time="0.480" /><testcase classname="tests.web.series.test_series_creation" name="test_create_series_rejects_unknown_attendee_email" time="0.177" /><testcase classname="tests.web.series.test_series_creation" name="test_create_series_requires_auth" time="0.110" /><testcase classname="tests.web.series.test_series_reminders" name="test_create_occurrence_404_when_series_not_owned" time="0.173" /><testcase classname="tests.web.series.test_series_reminders" name="test_create_series_auto_creates_email_reminders" time="0.189" /><testcase classname="tests.web.series.test_series_reminders" name="test_create_series_rejects_invalid_reminder_minutes_before" time="0.172" /><testcase classname="tests.web.series.test_series_reminders" name="test_manual_occurrence_creation_auto_creates_email_reminder" time="0.195" /><testcase classname="tests.web.series.test_series_reminders" name="test_manual_occurrence_creation_skips_reminder_when_default_disabled" time="0.192" /><testcase classname="tests.web.series.test_series_ui_and_suggestions" name="test_series_attendee_suggestions_ignores_short_queries" time="0.169" /><testcase classname="tests.web.series.test_series_ui_and_suggestions" name="test_series_attendee_suggestions_requires_auth" time="0.107" /><testcase classname="tests.web.series.test_series_ui_and_suggestions" name="test_series_attendee_suggestions_returns_matching_users" time="0.230" /><testcase classname="tests.web.series.test_series_ui_and_suggestions" name="test_series_attendee_suggestions_uses_last_attendee_token" time="0.238" /><testcase classname="tests.web.series.test_series_ui_and_suggestions" name="test_series_detail_handles_all_past_occurrences" time="0.189" /><testcase classname="tests.web.series.test_series_ui_and_suggestions" name="test_series_recurrence_options_renders_mode_specific_controls" time="0.172" /><testcase classname="tests.web.series.test_series_ui_and_suggestions" name="test_series_recurrence_options_requires_auth" time="0.402" /><testcase classname="tests.web.series.test_series_validation" name="test_create_series_maps_service_value_error_to_bad_request" time="0.168" /><testcase classname="tests.web.series.test_series_validation" name="test_create_series_rejects_invalid_generate_count" time="0.170" /><testcase classname="tests.web.series.test_series_validation" name="test_create_series_rejects_invalid_monthly_bymonthday" time="0.175" /><testcase classname="tests.web.series.test_series_validation" name="test_create_series_rejects_invalid_recurrence_interval" time="0.171" /><testcase classname="tests.web.series.test_series_validation" name="test_create_series_rejects_invalid_recurrence_settings" time="0.174" /><testcase classname="tests.web.test_common_datetime_helpers" name="test_parse_dt_naive_defaults_to_utc" time="0.001" /><testcase classname="tests.web.test_common_datetime_helpers" name="test_parse_dt_invalid_raises_http_400" time="0.000" /><testcase classname="tests.web.test_common_datetime_helpers" name="test_parse_dt_for_timezone_converts_local_to_utc" time="0.000" /><testcase classname="tests.web.test_common_datetime_helpers" name="test_parse_dt_for_timezone_falls_back_to_utc_for_unknown_timezone" time="0.001" /><testcase classname="tests.web.test_common_datetime_helpers" name="test_parse_dt_for_timezone_invalid_raises_http_400" time="0.000" /><testcase classname="tests.web.test_common_datetime_helpers" name="test_parse_dt_for_timezone_honors_timezone_aware_input" time="0.000" /><testcase classname="tests.web.test_common_datetime_helpers" name="test_parse_timezone_rejects_blank" time="0.000" /><testcase classname="tests.web.test_common_datetime_helpers" name="test_parse_timezone_rejects_unknown" time="0.001" /><testcase classname="tests.web.test_common_datetime_helpers" name="test_format_datetime_for_timezone_formats_with_zone" time="0.000" /><testcase classname="tests.web.test_common_datetime_helpers" name="test_format_datetime_for_timezone_returns_empty_for_non_datetime" time="0.000" /><testcase classname="tests.web.test_common_datetime_helpers" name="test_format_datetime_for_timezone_falls_back_to_utc_for_unknown_timezone" time="0.001" /><testcase classname="tests.web.test_common_datetime_helpers" name="test_format_datetime_local_value_uses_user_timezone" time="0.000" /><testcase classname="tests.web.test_common_datetime_helpers" name="test_format_datetime_local_value_falls_back_to_utc_for_unknown_timezone" time="0.001" /><testcase classname="tests.web.test_common_datetime_helpers" name="test_recurrence_label_defaults_when_rrule_missing" time="0.000" /><testcase classname="tests.web.test_common_datetime_helpers" name="test_recurrence_label_uses_rrule_when_present" time="0.000" /><testcase classname="tests.web.test_dashboard" name="test_dashboard_shows_upcoming_and_tasks_ordered_by_due_date" time="0.189" /><testcase classname="tests.web.test_dashboard" name="test_dashboard_shows_invited_meetings_and_tasks" time="0.251" /><testcase classname="tests.web.test_dashboard" name="test_dashboard_labels_imported_upcoming_meetings" time="0.185" /><testcase classname="tests.web.test_dashboard" name="test_dashboard_hides_pending_imported_series" time="0.176" /><testcase classname="tests.web.test_task_due_dates" name="test_task_defaults_due_at_to_next_occurrence_when_available" time="0.194" /><testcase classname="tests.web.test_task_due_dates" name="test_task_due_at_can_be_overridden_from_form" time="0.195" /><testcase classname="tests.web.test_task_due_dates" name="test_task_default_due_at_uses_next_active_occurrence" time="0.199" /><testcase classname="tests.web.test_task_due_dates" name="test_task_due_default_value_is_prepopulated_in_user_timezone" time="0.190" /><testcase classname="tests.web.test_task_due_dates" name="test_task_due_override_is_interpreted_in_user_timezone" time="0.505" /><testcase classname="tests.web.test_task_due_dates" name="test_task_due_blank_string_falls_back_to_default_due" time="0.190" /><testcase classname="tests.web.test_task_due_dates" name="test_task_due_invalid_value_returns_400" time="0.200" /><testcase classname="tests.web.test_web_test_helpers" name="test_login_user_falls_back_to_login_for_existing_account" time="0.241" /></testsuite></testsuites>